// Jest Snapshot v1, https://goo.gl/fbAQLP

exports[`Calculation 数字を入力し計算ボタンを押下すると正しく計算されること 1`] = `
<div>
  <p><input type="text" class="left"><span>+</span><input type="text" class="right"><span>=</span><span class="answer">7</span></p><button class="exec">足し算実行</button>
</div>
`;
